2025.10.20 12:40:53 INFO  Started: Metals version 1.6.2 in folders '/Users/barry/work/local/ES/escalator-starter/modules/frontend-legacy' for client Sublime Text LSP 2.6.0.
2025.10.20 12:40:53 INFO  Shutting down server
2025.10.20 12:40:53 INFO  shutting down Metals
2025.10.20 12:40:55 INFO  Started: Metals version 1.6.2 in folders '/Users/barry/work/local/ES/escalator-starter/modules/frontend-legacy' for client Sublime Text LSP 2.6.0.
2025.10.20 12:40:55 INFO  no build target found for /Users/barry/work/local/ES/escalator-starter/modules/frontend-legacy/src/main/scala/com/escalatorstarter/Main.scala. Using presentation compiler with project's scala-library version: 3.3.6
2025.10.20 12:40:56 INFO  no build target found for /Users/barry/work/local/ES/escalator-starter/modules/frontend-legacy/src/main/scala/com/escalatorstarter/app/EscalatorStarterWebApp.scala. Using presentation compiler with project's scala-library version: 3.3.6
2025.10.20 12:40:56 INFO  no build target found for /Users/barry/work/local/ES/escalator-starter/modules/frontend-legacy/src/main/scala/com/escalatorstarter/app/EscalatorStarterWebApp.scala. Using presentation compiler with project's scala-library version: 3.3.6
2025.10.20 12:40:56 INFO  Running List(/Users/barry/Library/Application Support/Coursier/bin/scala-cli, setup-ide, /Users/barry/work/local/ES/escalator-starter/modules/frontend-legacy)
2025.10.20 12:40:56 INFO  Attempting to connect to the build server...
2025.10.20 12:40:56 INFO  Running BSP server List(/Users/barry/Library/Application Support/Coursier/bin/.scala-cli.aux, bsp, --json-options, /Users/barry/work/local/ES/escalator-starter/modules/frontend-legacy/.scala-build/ide-options-v2.json, --json-launcher-options, /Users/barry/work/local/ES/escalator-starter/modules/frontend-legacy/.scala-build/ide-launcher-options.json, --envs-file, /Users/barry/work/local/ES/escalator-starter/modules/frontend-legacy/.scala-build/ide-envs.json, /Users/barry/work/local/ES/escalator-starter/modules/frontend-legacy)
2025.10.20 12:40:56 INFO  tracing is disabled for protocol BSP, to enable tracing of incoming and outgoing JSON messages create an empty file at /Users/barry/work/local/ES/escalator-starter/modules/frontend-legacy/.metals/bsp.trace.json or /Users/barry/Library/Caches/org.scalameta.metals/bsp.trace.json
2025.10.20 12:40:56 INFO  time: Connected to build server in 0.64s
2025.10.20 12:40:57 INFO  Connected to Build server: scala-cli v1.6.1
2025.10.20 12:40:56 INFO  compiling frontend-legacy_d5c0a6989e (39 scala sources)
2025.10.20 12:40:58 INFO  time: compiled frontend-legacy_d5c0a6989e in 0.59s
2025.10.20 12:40:58 INFO  compiling frontend-legacy_d5c0a6989e (39 scala sources)
2025.10.20 12:40:58 INFO  time: compiled frontend-legacy_d5c0a6989e in 0.54s
2025.10.20 12:40:58 INFO  time: indexed workspace in 1.83s
2025.10.20 12:40:59 INFO  compiling frontend-legacy_d5c0a6989e (39 scala sources)
2025.10.20 12:40:59 INFO  time: compiled frontend-legacy_d5c0a6989e in 0.53s
2025.10.20 12:41:26 INFO  compiling frontend-legacy_d5c0a6989e (39 scala sources)
2025.10.20 12:41:26 INFO  time: compiled frontend-legacy_d5c0a6989e in 0.45s
2025.10.20 12:41:26 INFO  compiling frontend-legacy_d5c0a6989e (39 scala sources)
2025.10.20 12:41:27 INFO  time: compiled frontend-legacy_d5c0a6989e in 0.44s
2025.10.20 12:41:27 INFO  compiling frontend-legacy_d5c0a6989e (39 scala sources)
2025.10.20 12:41:27 INFO  time: compiled frontend-legacy_d5c0a6989e in 0.46s
2025.10.20 12:41:27 INFO  compiling frontend-legacy_d5c0a6989e (39 scala sources)
2025.10.20 12:41:28 INFO  time: compiled frontend-legacy_d5c0a6989e in 0.42s
2025.10.20 12:41:28 INFO  compiling frontend-legacy_d5c0a6989e (39 scala sources)
2025.10.20 12:41:28 INFO  time: compiled frontend-legacy_d5c0a6989e in 0.42s
2025.10.20 12:41:28 INFO  compiling frontend-legacy_d5c0a6989e (39 scala sources)
2025.10.20 12:41:30 INFO  time: compiled frontend-legacy_d5c0a6989e in 0.44s
2025.10.20 12:41:30 INFO  compiling frontend-legacy_d5c0a6989e (39 scala sources)
2025.10.20 12:41:30 INFO  time: compiled frontend-legacy_d5c0a6989e in 0.45s
2025.10.20 12:41:30 INFO  compiling frontend-legacy_d5c0a6989e (39 scala sources)
2025.10.20 12:41:31 INFO  time: compiled frontend-legacy_d5c0a6989e in 0.44s
2025.10.20 12:41:51 INFO  compiling frontend-legacy_d5c0a6989e (39 scala sources)
2025.10.20 12:41:51 INFO  time: compiled frontend-legacy_d5c0a6989e in 0.43s
2025.10.20 12:41:51 INFO  compiling frontend-legacy_d5c0a6989e (39 scala sources)
2025.10.20 12:41:52 INFO  time: compiled frontend-legacy_d5c0a6989e in 0.41s
2025.10.20 12:41:52 INFO  compiling frontend-legacy_d5c0a6989e (39 scala sources)
2025.10.20 12:41:52 INFO  time: compiled frontend-legacy_d5c0a6989e in 0.39s
2025.10.20 12:41:56 INFO  Shutting down server
2025.10.20 12:41:56 INFO  shutting down Metals
2025.10.20 12:41:56 INFO  Shut down connection with build server.
